[debug] [2024-09-23T23:13:13.826Z] ----------------------------------------------------------------------
[debug] [2024-09-23T23:13:13.828Z] Command:       /usr/local/bin/node /usr/local/bin/firebase deploy
[debug] [2024-09-23T23:13:13.828Z] CLI Version:   13.18.0
[debug] [2024-09-23T23:13:13.828Z] Platform:      darwin
[debug] [2024-09-23T23:13:13.828Z] Node Version:  v20.10.0
[debug] [2024-09-23T23:13:13.828Z] Time:          Mon Sep 23 2024 19:13:13 GMT-0400 (Eastern Daylight Saving Time)
[debug] [2024-09-23T23:13:13.828Z] ----------------------------------------------------------------------
[debug] 
[debug] [2024-09-23T23:13:13.883Z] > command requires scopes: ["email","openid","https://www.googleapis.com/auth/cloudplatformprojects.readonly","https://www.googleapis.com/auth/firebase","https://www.googleapis.com/auth/cloud-platform"]
[debug] [2024-09-23T23:13:13.883Z] > authorizing via signed-in user (johandgonzalezr@gmail.com)
[debug] [2024-09-23T23:13:13.883Z] [iam] checking project devtouch-d161c for permissions ["cloudfunctions.functions.create","cloudfunctions.functions.delete","cloudfunctions.functions.get","cloudfunctions.functions.list","cloudfunctions.functions.update","cloudfunctions.operations.get","firebase.projects.get","firebasehosting.sites.update"]
[debug] [2024-09-23T23:13:13.884Z] >>> [apiv2][query] POST https://cloudresourcemanager.googleapis.com/v1/projects/devtouch-d161c:testIamPermissions [none]
[debug] [2024-09-23T23:13:13.884Z] >>> [apiv2][(partial)header] POST https://cloudresourcemanager.googleapis.com/v1/projects/devtouch-d161c:testIamPermissions x-goog-quota-user=projects/devtouch-d161c
[debug] [2024-09-23T23:13:13.884Z] >>> [apiv2][body] POST https://cloudresourcemanager.googleapis.com/v1/projects/devtouch-d161c:testIamPermissions {"permissions":["cloudfunctions.functions.create","cloudfunctions.functions.delete","cloudfunctions.functions.get","cloudfunctions.functions.list","cloudfunctions.functions.update","cloudfunctions.operations.get","firebase.projects.get","firebasehosting.sites.update"]}
[debug] [2024-09-23T23:13:14.262Z] <<< [apiv2][status] POST https://cloudresourcemanager.googleapis.com/v1/projects/devtouch-d161c:testIamPermissions 200
[debug] [2024-09-23T23:13:14.262Z] <<< [apiv2][body] POST https://cloudresourcemanager.googleapis.com/v1/projects/devtouch-d161c:testIamPermissions {"permissions":["cloudfunctions.functions.create","cloudfunctions.functions.delete","cloudfunctions.functions.get","cloudfunctions.functions.list","cloudfunctions.functions.update","cloudfunctions.operations.get","firebase.projects.get","firebasehosting.sites.update"]}
[debug] [2024-09-23T23:13:14.263Z] >>> [apiv2][query] POST https://iam.googleapis.com/v1/projects/devtouch-d161c/serviceAccounts/devtouch-d161c@appspot.gserviceaccount.com:testIamPermissions [none]
[debug] [2024-09-23T23:13:14.263Z] >>> [apiv2][body] POST https://iam.googleapis.com/v1/projects/devtouch-d161c/serviceAccounts/devtouch-d161c@appspot.gserviceaccount.com:testIamPermissions {"permissions":["iam.serviceAccounts.actAs"]}
[debug] [2024-09-23T23:13:14.864Z] <<< [apiv2][status] POST https://iam.googleapis.com/v1/projects/devtouch-d161c/serviceAccounts/devtouch-d161c@appspot.gserviceaccount.com:testIamPermissions 200
[debug] [2024-09-23T23:13:14.865Z] <<< [apiv2][body] POST https://iam.googleapis.com/v1/projects/devtouch-d161c/serviceAccounts/devtouch-d161c@appspot.gserviceaccount.com:testIamPermissions {"permissions":["iam.serviceAccounts.actAs"]}
[debug] [2024-09-23T23:13:14.867Z] >>> [apiv2][query] GET https://firebase.googleapis.com/v1beta1/projects/devtouch-d161c [none]
[debug] [2024-09-23T23:13:15.285Z] <<< [apiv2][status] GET https://firebase.googleapis.com/v1beta1/projects/devtouch-d161c 200
[debug] [2024-09-23T23:13:15.286Z] <<< [apiv2][body] GET https://firebase.googleapis.com/v1beta1/projects/devtouch-d161c {"projectId":"devtouch-d161c","projectNumber":"445574714165","displayName":"devtouch","name":"projects/devtouch-d161c","resources":{"hostingSite":"devtouch-d161c"},"state":"ACTIVE","etag":"1_6f2ff768-5bb7-4798-b24f-c47ae86c9c06"}
[info] 
[info] === Deploying to 'devtouch-d161c'...
[info] 
[info] i  deploying functions, hosting 
[debug] [2024-09-23T23:13:15.291Z] >>> [apiv2][query] GET https://firebase.googleapis.com/v1beta1/projects/devtouch-d161c [none]
[debug] [2024-09-23T23:13:15.554Z] <<< [apiv2][status] GET https://firebase.googleapis.com/v1beta1/projects/devtouch-d161c 200
[debug] [2024-09-23T23:13:15.554Z] <<< [apiv2][body] GET https://firebase.googleapis.com/v1beta1/projects/devtouch-d161c {"projectId":"devtouch-d161c","projectNumber":"445574714165","displayName":"devtouch","name":"projects/devtouch-d161c","resources":{"hostingSite":"devtouch-d161c"},"state":"ACTIVE","etag":"1_6f2ff768-5bb7-4798-b24f-c47ae86c9c06"}
[info] i  functions: preparing codebase default for deployment 
[info] i  functions: ensuring required API cloudfunctions.googleapis.com is enabled... 
[info] i  functions: ensuring required API cloudbuild.googleapis.com is enabled... 
[info] i  artifactregistry: ensuring required API artifactregistry.googleapis.com is enabled... 
[debug] [2024-09-23T23:13:15.556Z] >>> [apiv2][query] GET https://serviceusage.googleapis.com/v1/projects/devtouch-d161c/services/cloudfunctions.googleapis.com [none]
[debug] [2024-09-23T23:13:15.557Z] >>> [apiv2][(partial)header] GET https://serviceusage.googleapis.com/v1/projects/devtouch-d161c/services/cloudfunctions.googleapis.com x-goog-quota-user=projects/devtouch-d161c
[debug] [2024-09-23T23:13:15.558Z] >>> [apiv2][query] GET https://serviceusage.googleapis.com/v1/projects/devtouch-d161c/services/runtimeconfig.googleapis.com [none]
[debug] [2024-09-23T23:13:15.558Z] >>> [apiv2][(partial)header] GET https://serviceusage.googleapis.com/v1/projects/devtouch-d161c/services/runtimeconfig.googleapis.com x-goog-quota-user=projects/devtouch-d161c
[debug] [2024-09-23T23:13:15.559Z] >>> [apiv2][query] GET https://serviceusage.googleapis.com/v1/projects/devtouch-d161c/services/cloudbuild.googleapis.com [none]
[debug] [2024-09-23T23:13:15.559Z] >>> [apiv2][(partial)header] GET https://serviceusage.googleapis.com/v1/projects/devtouch-d161c/services/cloudbuild.googleapis.com x-goog-quota-user=projects/devtouch-d161c
[debug] [2024-09-23T23:13:15.561Z] >>> [apiv2][query] GET https://serviceusage.googleapis.com/v1/projects/devtouch-d161c/services/artifactregistry.googleapis.com [none]
[debug] [2024-09-23T23:13:15.561Z] >>> [apiv2][(partial)header] GET https://serviceusage.googleapis.com/v1/projects/devtouch-d161c/services/artifactregistry.googleapis.com x-goog-quota-user=projects/devtouch-d161c
[debug] [2024-09-23T23:13:16.130Z] <<< [apiv2][status] GET https://serviceusage.googleapis.com/v1/projects/devtouch-d161c/services/runtimeconfig.googleapis.com 200
[debug] [2024-09-23T23:13:16.131Z] <<< [apiv2][body] GET https://serviceusage.googleapis.com/v1/projects/devtouch-d161c/services/runtimeconfig.googleapis.com [omitted]
[debug] [2024-09-23T23:13:16.132Z] <<< [apiv2][status] GET https://serviceusage.googleapis.com/v1/projects/devtouch-d161c/services/artifactregistry.googleapis.com 200
[debug] [2024-09-23T23:13:16.132Z] <<< [apiv2][body] GET https://serviceusage.googleapis.com/v1/projects/devtouch-d161c/services/artifactregistry.googleapis.com [omitted]
[info] ✔  artifactregistry: required API artifactregistry.googleapis.com is enabled 
[debug] [2024-09-23T23:13:16.134Z] <<< [apiv2][status] GET https://serviceusage.googleapis.com/v1/projects/devtouch-d161c/services/cloudfunctions.googleapis.com 200
[debug] [2024-09-23T23:13:16.134Z] <<< [apiv2][body] GET https://serviceusage.googleapis.com/v1/projects/devtouch-d161c/services/cloudfunctions.googleapis.com [omitted]
[info] ✔  functions: required API cloudfunctions.googleapis.com is enabled 
[debug] [2024-09-23T23:13:16.273Z] <<< [apiv2][status] GET https://serviceusage.googleapis.com/v1/projects/devtouch-d161c/services/cloudbuild.googleapis.com 200
[debug] [2024-09-23T23:13:16.274Z] <<< [apiv2][body] GET https://serviceusage.googleapis.com/v1/projects/devtouch-d161c/services/cloudbuild.googleapis.com [omitted]
[info] ✔  functions: required API cloudbuild.googleapis.com is enabled 
[debug] [2024-09-23T23:13:16.274Z] >>> [apiv2][query] GET https://firebase.googleapis.com/v1beta1/projects/devtouch-d161c/adminSdkConfig [none]
[debug] [2024-09-23T23:13:16.640Z] <<< [apiv2][status] GET https://firebase.googleapis.com/v1beta1/projects/devtouch-d161c/adminSdkConfig 200
[debug] [2024-09-23T23:13:16.640Z] <<< [apiv2][body] GET https://firebase.googleapis.com/v1beta1/projects/devtouch-d161c/adminSdkConfig {"projectId":"devtouch-d161c","storageBucket":"devtouch-d161c.appspot.com"}
[debug] [2024-09-23T23:13:16.641Z] >>> [apiv2][query] GET https://runtimeconfig.googleapis.com/v1beta1/projects/devtouch-d161c/configs [none]
[debug] [2024-09-23T23:13:16.914Z] <<< [apiv2][status] GET https://runtimeconfig.googleapis.com/v1beta1/projects/devtouch-d161c/configs 200
[debug] [2024-09-23T23:13:16.914Z] <<< [apiv2][body] GET https://runtimeconfig.googleapis.com/v1beta1/projects/devtouch-d161c/configs {}
[debug] [2024-09-23T23:13:16.917Z] Validating nodejs source
[debug] [2024-09-23T23:13:17.505Z] > [functions] package.json contents: {
  "name": "functions",
  "description": "Cloud Functions for Firebase",
  "scripts": {
    "emulate": "nodemon --watch . --exec \"firebase emulators:start --only functions,hosting\"",
    "lint": "eslint .",
    "serve": "firebase emulators:start --only functions",
    "shell": "firebase functions:shell",
    "start": "npm run shell",
    "deploy": "firebase deploy --only functions",
    "logs": "firebase functions:log"
  },
  "engines": {
    "node": "18"
  },
  "main": "index.js",
  "dependencies": {
    "@sendgrid/mail": "^8.1.3",
    "body-parser": "^1.19.0",
    "dotenv": "^8.2.0",
    "ejs": "^3.1.10",
    "express": "^4.21.0",
    "firebase-admin": "^12.5.0",
    "firebase-functions": "^6.0.1",
    "nodemailer": "^6.4.16",
    "nodemailer-mailgun-transport": "^2.0.1"
  },
  "devDependencies": {
    "eslint": "^8.15.0",
    "eslint-config-google": "^0.14.0",
    "firebase-functions-test": "^3.1.0",
    "nodemon": "^3.1.7"
  },
  "private": true
}
[debug] [2024-09-23T23:13:17.505Z] Building nodejs source
[info] i  functions: Loading and analyzing source code for codebase default to determine what to deploy 
[debug] [2024-09-23T23:13:17.507Z] Could not find functions.yaml. Must use http discovery
[debug] [2024-09-23T23:13:17.513Z] Found firebase-functions binary at '/Users/johangonzalez/Desktop/desktop2/WebDev/DevTouch/functions/node_modules/.bin/firebase-functions'
[info] Serving at port 8461

[debug] [2024-09-23T23:13:17.855Z] Got response from /__/functions.yaml {"endpoints":{"app":{"availableMemoryMb":null,"timeoutSeconds":null,"minInstances":null,"maxInstances":null,"ingressSettings":null,"concurrency":null,"serviceAccountEmail":null,"vpc":null,"platform":"gcfv2","labels":{},"httpsTrigger":{},"entryPoint":"app"},"api":{"availableMemoryMb":null,"timeoutSeconds":null,"minInstances":null,"maxInstances":null,"ingressSettings":null,"concurrency":null,"serviceAccountEmail":null,"vpc":null,"platform":"gcfv2","labels":{},"httpsTrigger":{},"entryPoint":"api"}},"specVersion":"v1alpha1","requiredAPIs":[],"extensions":{}}
[info] i  functions: preparing functions directory for uploading... 
[info] i  functions: packaged /Users/johangonzalez/Desktop/desktop2/WebDev/DevTouch/functions (87.38 KB) for uploading 
[debug] [2024-09-23T23:13:22.929Z] >>> [apiv2][query] GET https://cloudfunctions.googleapis.com/v1/projects/devtouch-d161c/locations/-/functions [none]
[debug] [2024-09-23T23:13:23.614Z] <<< [apiv2][status] GET https://cloudfunctions.googleapis.com/v1/projects/devtouch-d161c/locations/-/functions 200
[debug] [2024-09-23T23:13:23.614Z] <<< [apiv2][body] GET https://cloudfunctions.googleapis.com/v1/projects/devtouch-d161c/locations/-/functions {}
[debug] [2024-09-23T23:13:23.616Z] >>> [apiv2][query] GET https://cloudfunctions.googleapis.com/v2/projects/devtouch-d161c/locations/-/functions filter=environment%3D%22GEN_2%22
[debug] [2024-09-23T23:13:24.325Z] <<< [apiv2][status] GET https://cloudfunctions.googleapis.com/v2/projects/devtouch-d161c/locations/-/functions 200
[debug] [2024-09-23T23:13:24.325Z] <<< [apiv2][body] GET https://cloudfunctions.googleapis.com/v2/projects/devtouch-d161c/locations/-/functions {"functions":[{"name":"projects/devtouch-d161c/locations/us-central1/functions/app","buildConfig":{"build":"projects/445574714165/locations/us-central1/builds/3a927b2c-430e-4946-87a0-cbb20f480bd9","runtime":"nodejs18","entryPoint":"app","source":{"storageSource":{"bucket":"gcf-v2-sources-445574714165-us-central1","object":"app/function-source.zip","generation":"1727131786396725"}},"environmentVariables":{"GOOGLE_NODE_RUN_SCRIPTS":""},"dockerRepository":"projects/devtouch-d161c/locations/us-central1/repositories/gcf-artifacts","sourceProvenance":{"resolvedStorageSource":{"bucket":"gcf-v2-sources-445574714165-us-central1","object":"app/function-source.zip","generation":"1727131786396725"}},"dockerRegistry":"ARTIFACT_REGISTRY","serviceAccount":"projects/devtouch-d161c/serviceAccounts/445574714165-compute@developer.gserviceaccount.com","automaticUpdatePolicy":{}},"serviceConfig":{"service":"projects/devtouch-d161c/locations/us-central1/services/app","timeoutSeconds":60,"environmentVariables":{"FIREBASE_CONFIG":"{\"projectId\":\"devtouch-d161c\",\"storageBucket\":\"devtouch-d161c.appspot.com\"}","GCLOUD_PROJECT":"devtouch-d161c","EVENTARC_CLOUD_EVENT_SOURCE":"projects/devtouch-d161c/locations/us-central1/services/app","FUNCTION_TARGET":"app","LOG_EXECUTION_ID":"true","FUNCTION_SIGNATURE_TYPE":"http"},"maxInstanceCount":100,"ingressSettings":"ALLOW_ALL","uri":"https://app-vu74t5ibgq-uc.a.run.app","serviceAccountEmail":"445574714165-compute@developer.gserviceaccount.com","availableMemory":"256Mi","allTrafficOnLatestRevision":true,"revision":"app-00009-cup","maxInstanceRequestConcurrency":80,"availableCpu":"1"},"state":"ACTIVE","updateTime":"2024-09-23T22:50:31.280142180Z","labels":{"deployment-tool":"cli-firebase","firebase-functions-hash":"1feb3fdf6cb2416a838f2564e3011823bcd6c1cd"},"environment":"GEN_2","url":"https://us-central1-devtouch-d161c.cloudfunctions.net/app","createTime":"2024-09-23T17:31:28.670466446Z"},{"name":"projects/devtouch-d161c/locations/us-central1/functions/api","buildConfig":{"build":"projects/445574714165/locations/us-central1/builds/3a927b2c-430e-4946-87a0-cbb20f480bd9","runtime":"nodejs18","entryPoint":"api","source":{"storageSource":{"bucket":"gcf-v2-sources-445574714165-us-central1","object":"api/function-source.zip","generation":"1727131825238869"}},"environmentVariables":{"GOOGLE_NODE_RUN_SCRIPTS":""},"dockerRepository":"projects/devtouch-d161c/locations/us-central1/repositories/gcf-artifacts","sourceProvenance":{"resolvedStorageSource":{"bucket":"gcf-v2-sources-445574714165-us-central1","object":"api/function-source.zip","generation":"1727131825238869"}},"dockerRegistry":"ARTIFACT_REGISTRY","serviceAccount":"projects/devtouch-d161c/serviceAccounts/445574714165-compute@developer.gserviceaccount.com","automaticUpdatePolicy":{}},"serviceConfig":{"service":"projects/devtouch-d161c/locations/us-central1/services/api","timeoutSeconds":60,"environmentVariables":{"FIREBASE_CONFIG":"{\"projectId\":\"devtouch-d161c\",\"storageBucket\":\"devtouch-d161c.appspot.com\"}","GCLOUD_PROJECT":"devtouch-d161c","EVENTARC_CLOUD_EVENT_SOURCE":"projects/devtouch-d161c/locations/us-central1/services/api","FUNCTION_TARGET":"api","LOG_EXECUTION_ID":"true","FUNCTION_SIGNATURE_TYPE":"http"},"maxInstanceCount":100,"ingressSettings":"ALLOW_ALL","uri":"https://api-vu74t5ibgq-uc.a.run.app","serviceAccountEmail":"445574714165-compute@developer.gserviceaccount.com","availableMemory":"256Mi","allTrafficOnLatestRevision":true,"revision":"api-00002-tuv","maxInstanceRequestConcurrency":80,"availableCpu":"1"},"state":"ACTIVE","updateTime":"2024-09-23T22:50:36.720074330Z","labels":{"firebase-functions-hash":"1feb3fdf6cb2416a838f2564e3011823bcd6c1cd","deployment-tool":"cli-firebase"},"environment":"GEN_2","url":"https://us-central1-devtouch-d161c.cloudfunctions.net/api","createTime":"2024-09-23T20:38:36.813082658Z"}]}
[info] i  functions: ensuring required API run.googleapis.com is enabled... 
[info] i  functions: ensuring required API eventarc.googleapis.com is enabled... 
[info] i  functions: ensuring required API pubsub.googleapis.com is enabled... 
[info] i  functions: ensuring required API storage.googleapis.com is enabled... 
[debug] [2024-09-23T23:13:24.330Z] >>> [apiv2][query] GET https://serviceusage.googleapis.com/v1/projects/devtouch-d161c/services/run.googleapis.com [none]
[debug] [2024-09-23T23:13:24.330Z] >>> [apiv2][(partial)header] GET https://serviceusage.googleapis.com/v1/projects/devtouch-d161c/services/run.googleapis.com x-goog-quota-user=projects/devtouch-d161c
[debug] [2024-09-23T23:13:24.332Z] >>> [apiv2][query] GET https://serviceusage.googleapis.com/v1/projects/devtouch-d161c/services/eventarc.googleapis.com [none]
[debug] [2024-09-23T23:13:24.332Z] >>> [apiv2][(partial)header] GET https://serviceusage.googleapis.com/v1/projects/devtouch-d161c/services/eventarc.googleapis.com x-goog-quota-user=projects/devtouch-d161c
[debug] [2024-09-23T23:13:24.335Z] >>> [apiv2][query] GET https://serviceusage.googleapis.com/v1/projects/devtouch-d161c/services/pubsub.googleapis.com [none]
[debug] [2024-09-23T23:13:24.335Z] >>> [apiv2][(partial)header] GET https://serviceusage.googleapis.com/v1/projects/devtouch-d161c/services/pubsub.googleapis.com x-goog-quota-user=projects/devtouch-d161c
[debug] [2024-09-23T23:13:24.337Z] >>> [apiv2][query] GET https://serviceusage.googleapis.com/v1/projects/devtouch-d161c/services/storage.googleapis.com [none]
[debug] [2024-09-23T23:13:24.337Z] >>> [apiv2][(partial)header] GET https://serviceusage.googleapis.com/v1/projects/devtouch-d161c/services/storage.googleapis.com x-goog-quota-user=projects/devtouch-d161c
[debug] [2024-09-23T23:13:24.739Z] <<< [apiv2][status] GET https://serviceusage.googleapis.com/v1/projects/devtouch-d161c/services/pubsub.googleapis.com 200
[debug] [2024-09-23T23:13:24.740Z] <<< [apiv2][body] GET https://serviceusage.googleapis.com/v1/projects/devtouch-d161c/services/pubsub.googleapis.com [omitted]
[info] ✔  functions: required API pubsub.googleapis.com is enabled 
[debug] [2024-09-23T23:13:24.741Z] <<< [apiv2][status] GET https://serviceusage.googleapis.com/v1/projects/devtouch-d161c/services/eventarc.googleapis.com 200
[debug] [2024-09-23T23:13:24.741Z] <<< [apiv2][body] GET https://serviceusage.googleapis.com/v1/projects/devtouch-d161c/services/eventarc.googleapis.com [omitted]
[info] ✔  functions: required API eventarc.googleapis.com is enabled 
[debug] [2024-09-23T23:13:24.743Z] <<< [apiv2][status] GET https://serviceusage.googleapis.com/v1/projects/devtouch-d161c/services/run.googleapis.com 200
[debug] [2024-09-23T23:13:24.743Z] <<< [apiv2][body] GET https://serviceusage.googleapis.com/v1/projects/devtouch-d161c/services/run.googleapis.com [omitted]
[info] ✔  functions: required API run.googleapis.com is enabled 
[debug] [2024-09-23T23:13:24.744Z] <<< [apiv2][status] GET https://serviceusage.googleapis.com/v1/projects/devtouch-d161c/services/storage.googleapis.com 200
[debug] [2024-09-23T23:13:24.744Z] <<< [apiv2][body] GET https://serviceusage.googleapis.com/v1/projects/devtouch-d161c/services/storage.googleapis.com [omitted]
[info] ✔  functions: required API storage.googleapis.com is enabled 
[info] i  functions: generating the service identity for pubsub.googleapis.com... 
[info] i  functions: generating the service identity for eventarc.googleapis.com... 
[debug] [2024-09-23T23:13:24.745Z] >>> [apiv2][query] POST https://serviceusage.googleapis.com/v1beta1/projects/445574714165/services/pubsub.googleapis.com:generateServiceIdentity [none]
[debug] [2024-09-23T23:13:24.745Z] >>> [apiv2][query] POST https://serviceusage.googleapis.com/v1beta1/projects/445574714165/services/eventarc.googleapis.com:generateServiceIdentity [none]
[debug] [2024-09-23T23:13:25.156Z] <<< [apiv2][status] POST https://serviceusage.googleapis.com/v1beta1/projects/445574714165/services/pubsub.googleapis.com:generateServiceIdentity 200
[debug] [2024-09-23T23:13:25.156Z] <<< [apiv2][body] POST https://serviceusage.googleapis.com/v1beta1/projects/445574714165/services/pubsub.googleapis.com:generateServiceIdentity {"name":"operations/finished.DONE_OPERATION","done":true,"response":{"@type":"type.googleapis.com/google.api.serviceusage.v1beta1.ServiceIdentity","email":"service-445574714165@gcp-sa-pubsub.iam.gserviceaccount.com","uniqueId":"115252543654901521011"}}
[debug] [2024-09-23T23:13:25.156Z] <<< [apiv2][status] POST https://serviceusage.googleapis.com/v1beta1/projects/445574714165/services/eventarc.googleapis.com:generateServiceIdentity 200
[debug] [2024-09-23T23:13:25.156Z] <<< [apiv2][body] POST https://serviceusage.googleapis.com/v1beta1/projects/445574714165/services/eventarc.googleapis.com:generateServiceIdentity {"name":"operations/finished.DONE_OPERATION","done":true,"response":{"@type":"type.googleapis.com/google.api.serviceusage.v1beta1.ServiceIdentity","email":"service-445574714165@gcp-sa-eventarc.iam.gserviceaccount.com","uniqueId":"109260080308971516454"}}
[debug] [2024-09-23T23:13:25.157Z] >>> [apiv2][query] GET https://firebase.googleapis.com/v1beta1/projects/devtouch-d161c [none]
[debug] [2024-09-23T23:13:25.450Z] <<< [apiv2][status] GET https://firebase.googleapis.com/v1beta1/projects/devtouch-d161c 200
[debug] [2024-09-23T23:13:25.450Z] <<< [apiv2][body] GET https://firebase.googleapis.com/v1beta1/projects/devtouch-d161c {"projectId":"devtouch-d161c","projectNumber":"445574714165","displayName":"devtouch","name":"projects/devtouch-d161c","resources":{"hostingSite":"devtouch-d161c"},"state":"ACTIVE","etag":"1_6f2ff768-5bb7-4798-b24f-c47ae86c9c06"}
[debug] [2024-09-23T23:13:25.452Z] >>> [apiv2][query] POST https://firebasehosting.googleapis.com/v1beta1/projects/-/sites/devtouch-d161c/versions [none]
[debug] [2024-09-23T23:13:25.452Z] >>> [apiv2][body] POST https://firebasehosting.googleapis.com/v1beta1/projects/-/sites/devtouch-d161c/versions {"status":"CREATED","labels":{"deployment-tool":"cli-firebase"}}
[debug] [2024-09-23T23:13:26.233Z] <<< [apiv2][status] POST https://firebasehosting.googleapis.com/v1beta1/projects/-/sites/devtouch-d161c/versions 200
[debug] [2024-09-23T23:13:26.234Z] <<< [apiv2][body] POST https://firebasehosting.googleapis.com/v1beta1/projects/-/sites/devtouch-d161c/versions {"name":"projects/445574714165/sites/devtouch-d161c/versions/487ea7607db4e742","status":"CREATED","config":{},"labels":{"deployment-tool":"cli-firebase"}}
[debug] [2024-09-23T23:13:26.235Z] >>> [apiv2][query] POST https://cloudfunctions.googleapis.com/v2/projects/devtouch-d161c/locations/us-central1/functions:generateUploadUrl [none]
[debug] [2024-09-23T23:13:26.545Z] <<< [apiv2][status] POST https://cloudfunctions.googleapis.com/v2/projects/devtouch-d161c/locations/us-central1/functions:generateUploadUrl 200
[debug] [2024-09-23T23:13:26.545Z] <<< [apiv2][body] POST https://cloudfunctions.googleapis.com/v2/projects/devtouch-d161c/locations/us-central1/functions:generateUploadUrl {"uploadUrl":"https://storage.googleapis.com/gcf-v2-uploads-445574714165-us-central1/dce7f8b6-50a8-4e65-8ea9-0c7041e3f645.zip?GoogleAccessId=service-445574714165@gcf-admin-robot.iam.gserviceaccount.com&Expires=1727135006&Signature=F%2B51nxd08%2B8hyPvIsyuV5yGdY7QyK5GzKLHJ%2BoVez%2FsDVBhSXcL0lEyXRJqEoobegC5yu5DoN8gT4ylXqOqmMiW1%2BuZRUA7yaa%2BakVD0mqu644qieBWPy5IiPkvkO503ATzPS5dKoG%2ByQajB4BjfoUy8pdRvKMqD9Awxaljbv3KOJGEFIwifzfFLVisSFVJ4C6YK99p7%2F57%2BIO0K9gnxI7TD2fdP3N%2BIn6f12eaOt4eVHQA%2Bo07RiyTUSBdYqfDkNQgwLmGCnQPTWMBboaBxkHs62bxdL0m8xX7m5dlTdYY9g1qKrT43h3qkoL9Q69whbfu6wTlqdrJNyQOJoCbeyQ%3D%3D","storageSource":{"bucket":"gcf-v2-uploads-445574714165-us-central1","object":"dce7f8b6-50a8-4e65-8ea9-0c7041e3f645.zip"}}
[debug] [2024-09-23T23:13:26.548Z] >>> [apiv2][query] PUT https://storage.googleapis.com/gcf-v2-uploads-445574714165-us-central1/dce7f8b6-50a8-4e65-8ea9-0c7041e3f645.zip GoogleAccessId=service-445574714165%40gcf-admin-robot.iam.gserviceaccount.com&Expires=1727135006&Signature=F%2B51nxd08%2B8hyPvIsyuV5yGdY7QyK5GzKLHJ%2BoVez%2FsDVBhSXcL0lEyXRJqEoobegC5yu5DoN8gT4ylXqOqmMiW1%2BuZRUA7yaa%2BakVD0mqu644qieBWPy5IiPkvkO503ATzPS5dKoG%2ByQajB4BjfoUy8pdRvKMqD9Awxaljbv3KOJGEFIwifzfFLVisSFVJ4C6YK99p7%2F57%2BIO0K9gnxI7TD2fdP3N%2BIn6f12eaOt4eVHQA%2Bo07RiyTUSBdYqfDkNQgwLmGCnQPTWMBboaBxkHs62bxdL0m8xX7m5dlTdYY9g1qKrT43h3qkoL9Q69whbfu6wTlqdrJNyQOJoCbeyQ%3D%3D
[debug] [2024-09-23T23:13:26.548Z] >>> [apiv2][body] PUT https://storage.googleapis.com/gcf-v2-uploads-445574714165-us-central1/dce7f8b6-50a8-4e65-8ea9-0c7041e3f645.zip [stream]
[debug] [2024-09-23T23:13:27.945Z] <<< [apiv2][status] PUT https://storage.googleapis.com/gcf-v2-uploads-445574714165-us-central1/dce7f8b6-50a8-4e65-8ea9-0c7041e3f645.zip 200
[debug] [2024-09-23T23:13:27.946Z] <<< [apiv2][body] PUT https://storage.googleapis.com/gcf-v2-uploads-445574714165-us-central1/dce7f8b6-50a8-4e65-8ea9-0c7041e3f645.zip [omitted]
[info] ✔  functions: functions folder uploaded successfully 
[info] i  hosting[devtouch-d161c]: beginning deploy... 
[info] i  hosting[devtouch-d161c]: found 23 files in public 
[debug] [2024-09-23T23:13:27.969Z] [hosting] uploading with 200 concurrency
[debug] [2024-09-23T23:13:27.977Z] [hosting] hash cache [cHVibGlj] stored for 23 files
[debug] [2024-09-23T23:13:27.978Z] [hosting][hash queue][FINAL] {"max":4,"min":0,"avg":0.17391304347826086,"active":0,"complete":23,"success":23,"errored":0,"retried":0,"total":23,"elapsed":6}
[debug] [2024-09-23T23:13:27.978Z] >>> [apiv2][query] POST https://firebasehosting.googleapis.com/v1beta1/projects/445574714165/sites/devtouch-d161c/versions/487ea7607db4e742:populateFiles [none]
[debug] [2024-09-23T23:13:27.978Z] >>> [apiv2][body] POST https://firebasehosting.googleapis.com/v1beta1/projects/445574714165/sites/devtouch-d161c/versions/487ea7607db4e742:populateFiles {"files":{"/noindexfb.html":"c65e794e4ea8f99a94d15b4a19023ae5a3fae2bfeaaf08d650e8252613650de3","/features.html":"cadb74094e0ecaaff3b20f037993a285827a521a67dc248eb6c4dc58f41ed0b5","/favicon.ico":"122d0426c11cfcbd0edbb2a98642da1f306c5dcbfd3007e2317748e68c7b3313","/404.html":"b6abfbdc894d37c260154e281499dc6415bb6ad76b32f01ef94dee93aa897ac4","/images/table-food.jpg":"27b24fdea2cded3ccab5be27f2ff20a226da438cc7dc120a8a7a8301c9a781f0","/images/staff1.jpg":"f406d01c4329d616e33acdeca5500bf05b15b4e29c0e57d477497007074575be","/images/staff.jpeg":"ed3270e80270a664b162e15a244a9141ea3ac3518e778bfff099bb18fd2b5888","/images/restaurant-ipad.jpg":"ed60281ffcbf0ece3be6d94d667b51afcb410a8d64127eae585a4611da4a178a","/images/order1.jpg":"40d479db2974cb5c63086d8ca0ce071629b19f8b4c17c3ecf2065b1665c66286","/images/order.jpeg":"7288f52fce0b11de95165b5067de5b6aa50956e48fb01a6a14f4de0617e90d51","/images/online-order-screen1.png":"eaf11f05e808046793c292fc25be0fb282945336638f5d52f429a235ab936ebb","/images/kitchen-ipad.jpg":"817fb780808ca2e230e7e9866abb5e3e8a899dda9a68a2561040613947a1d3d9","/images/floor-plan1.png":"5c1e0b9631030efc35e46b8e498f5789ee09676933edc1faaa427090d362f14d","/images/devtouchImage.png":"db3f02b63235cb327bae6a8624cf72b1566cc41142788fbe6a8461b126367118","/images/devtouch-menu.png.webp":"c689f2364cff07ca6975d263b3151dee76a69b11f925449d3814af23654d37b8","/images/devtouch-menu.png":"f2153f5899385e800608b400d2175572e574ea1aa05689c607845e1c2a1b3ed3","/images/devtouch-icon.png":"5aabb71abfd665d4e7b5edec8244164c636caaf04fe8b8afc9e3ce72b88fcdcd","/images/background4.jpg":"167fdc76bf5c78814fa72522a8b76dcaf00b35a82ab8d5669d094b9df7092812","/images/background3.jpg":"a44b75fb63430150db9e7ab59aa5138689a3cdb476e3b669c23783f9bfeda8f7","/images/background2.jpg":"be4ab8ddb4068cd3c19eae095e83ce96cd6c0d039b8421cbb220638f56a86783","/images/background1.jpg":"a1026f0fea96f2b259244f379c33feedf0c976a988567ad14c1db41503096da6","/css/styles.css":"53d73c5b77c9cca25d4ea0395a3af475ff331bd694dd515eda7fe492853feb13","/noindex.html":"51fde9316b012011187a59ec34e2675878119a06c7216445c204146ea4e2b6c9"}}
[debug] [2024-09-23T23:13:28.170Z] <<< [apiv2][status] POST https://firebasehosting.googleapis.com/v1beta1/projects/445574714165/sites/devtouch-d161c/versions/487ea7607db4e742:populateFiles 200
[debug] [2024-09-23T23:13:28.170Z] <<< [apiv2][body] POST https://firebasehosting.googleapis.com/v1beta1/projects/445574714165/sites/devtouch-d161c/versions/487ea7607db4e742:populateFiles {"uploadRequiredHashes":["51fde9316b012011187a59ec34e2675878119a06c7216445c204146ea4e2b6c9"],"uploadUrl":"https://upload-firebasehosting.googleapis.com/upload/sites/devtouch-d161c/versions/487ea7607db4e742/files"}
[debug] [2024-09-23T23:13:28.171Z] >>> [apiv2][query] POST https://upload-firebasehosting.googleapis.com/upload/sites/devtouch-d161c/versions/487ea7607db4e742/files/51fde9316b012011187a59ec34e2675878119a06c7216445c204146ea4e2b6c9 [none]
[debug] [2024-09-23T23:13:28.171Z] >>> [apiv2][body] POST https://upload-firebasehosting.googleapis.com/upload/sites/devtouch-d161c/versions/487ea7607db4e742/files/51fde9316b012011187a59ec34e2675878119a06c7216445c204146ea4e2b6c9 [stream]
[debug] [2024-09-23T23:13:28.173Z] [hosting][populate queue][FINAL] {"max":195,"min":195,"avg":195,"active":0,"complete":1,"success":1,"errored":0,"retried":0,"total":1,"elapsed":197}
[debug] [2024-09-23T23:13:28.173Z] [hosting] uploads queued: 1
[debug] [2024-09-23T23:13:29.314Z] <<< [apiv2][status] POST https://upload-firebasehosting.googleapis.com/upload/sites/devtouch-d161c/versions/487ea7607db4e742/files/51fde9316b012011187a59ec34e2675878119a06c7216445c204146ea4e2b6c9 200
[debug] [2024-09-23T23:13:29.315Z] <<< [apiv2][body] POST https://upload-firebasehosting.googleapis.com/upload/sites/devtouch-d161c/versions/487ea7607db4e742/files/51fde9316b012011187a59ec34e2675878119a06c7216445c204146ea4e2b6c9 [stream]
[debug] [2024-09-23T23:13:29.315Z] [hosting][upload queue][FINAL] {"max":1144,"min":1144,"avg":1144,"active":0,"complete":1,"success":1,"errored":0,"retried":0,"total":1,"elapsed":1144}
[info] ✔  hosting[devtouch-d161c]: file upload complete 
[debug] [2024-09-23T23:13:29.316Z] [hosting] deploy completed after 1366ms
[info] i  functions: updating Node.js 18 (2nd Gen) function app(us-central1)... 
[info] i  functions: updating Node.js 18 (2nd Gen) function api(us-central1)... 
[debug] [2024-09-23T23:13:29.323Z] >>> [apiv2][query] PATCH https://cloudfunctions.googleapis.com/v2/projects/devtouch-d161c/locations/us-central1/functions/app updateMask=name%2CbuildConfig.runtime%2CbuildConfig.entryPoint%2CbuildConfig.source.storageSource.bucket%2CbuildConfig.source.storageSource.object%2CbuildConfig.environmentVariables%2CbuildConfig.sourceToken%2CserviceConfig.environmentVariables%2CserviceConfig.ingressSettings%2CserviceConfig.timeoutSeconds%2CserviceConfig.serviceAccountEmail%2CserviceConfig.availableMemory%2CserviceConfig.minInstanceCount%2CserviceConfig.maxInstanceCount%2CserviceConfig.maxInstanceRequestConcurrency%2CserviceConfig.availableCpu%2CserviceConfig.vpcConnector%2CserviceConfig.vpcConnectorEgressSettings%2Clabels%2CbuildConfig.buildEnvironmentVariables
[debug] [2024-09-23T23:13:29.323Z] >>> [apiv2][body] PATCH https://cloudfunctions.googleapis.com/v2/projects/devtouch-d161c/locations/us-central1/functions/app {"name":"projects/devtouch-d161c/locations/us-central1/functions/app","buildConfig":{"runtime":"nodejs18","entryPoint":"app","source":{"storageSource":{"bucket":"gcf-v2-uploads-445574714165-us-central1","object":"dce7f8b6-50a8-4e65-8ea9-0c7041e3f645.zip"}},"environmentVariables":{"GOOGLE_NODE_RUN_SCRIPTS":""}},"serviceConfig":{"environmentVariables":{"FIREBASE_CONFIG":"{\"projectId\":\"devtouch-d161c\",\"storageBucket\":\"devtouch-d161c.appspot.com\"}","GCLOUD_PROJECT":"devtouch-d161c","EVENTARC_CLOUD_EVENT_SOURCE":"projects/devtouch-d161c/locations/us-central1/services/app","FUNCTION_TARGET":"app","LOG_EXECUTION_ID":"true","FUNCTION_SIGNATURE_TYPE":"http"},"ingressSettings":null,"timeoutSeconds":null,"serviceAccountEmail":null,"availableMemory":"256Mi","minInstanceCount":null,"maxInstanceCount":null,"maxInstanceRequestConcurrency":80,"availableCpu":"1","vpcConnector":null,"vpcConnectorEgressSettings":null},"labels":{"deployment-tool":"cli-firebase","firebase-functions-hash":"c6b5d2578d5b2e0f9d87a47cd426781768cc800d"}}
[debug] [2024-09-23T23:13:30.425Z] <<< [apiv2][status] PATCH https://cloudfunctions.googleapis.com/v2/projects/devtouch-d161c/locations/us-central1/functions/app 200
[debug] [2024-09-23T23:13:30.425Z] <<< [apiv2][body] PATCH https://cloudfunctions.googleapis.com/v2/projects/devtouch-d161c/locations/us-central1/functions/app {"name":"projects/devtouch-d161c/locations/us-central1/operations/operation-1727133209608-622d189704160-8e0b250a-626122e5","metadata":{"@type":"type.googleapis.com/google.cloud.functions.v2.OperationMetadata","createTime":"2024-09-23T23:13:30.400636419Z","target":"projects/devtouch-d161c/locations/us-central1/functions/app","verb":"update","cancelRequested":false,"apiVersion":"v2"},"done":false}
[debug] [2024-09-23T23:13:30.427Z] >>> [apiv2][query] GET https://cloudfunctions.googleapis.com/v2/projects/devtouch-d161c/locations/us-central1/operations/operation-1727133209608-622d189704160-8e0b250a-626122e5 [none]
[debug] [2024-09-23T23:13:30.789Z] <<< [apiv2][status] GET https://cloudfunctions.googleapis.com/v2/projects/devtouch-d161c/locations/us-central1/operations/operation-1727133209608-622d189704160-8e0b250a-626122e5 200
[debug] [2024-09-23T23:13:30.789Z] <<< [apiv2][body] GET https://cloudfunctions.googleapis.com/v2/projects/devtouch-d161c/locations/us-central1/operations/operation-1727133209608-622d189704160-8e0b250a-626122e5 {"name":"projects/devtouch-d161c/locations/us-central1/operations/operation-1727133209608-622d189704160-8e0b250a-626122e5","metadata":{"@type":"type.googleapis.com/google.cloud.functions.v2.OperationMetadata","createTime":"2024-09-23T23:13:30.400636419Z","target":"projects/devtouch-d161c/locations/us-central1/functions/app","verb":"update","cancelRequested":false,"apiVersion":"v2","requestResource":{"@type":"type.googleapis.com/google.cloud.functions.v2.Function","name":"projects/devtouch-d161c/locations/us-central1/functions/app","buildConfig":{"runtime":"nodejs18","entryPoint":"app","source":{"storageSource":{"bucket":"gcf-v2-sources-445574714165-us-central1","object":"app/function-source.zip","generation":"1727133210328747"}},"environmentVariables":{"GOOGLE_NODE_RUN_SCRIPTS":""},"dockerRepository":"projects/devtouch-d161c/locations/us-central1/repositories/gcf-artifacts","sourceProvenance":{"resolvedStorageSource":{"bucket":"gcf-v2-sources-445574714165-us-central1","object":"app/function-source.zip","generation":"1727131786396725"}},"dockerRegistry":"ARTIFACT_REGISTRY","serviceAccount":"projects/devtouch-d161c/serviceAccounts/445574714165-compute@developer.gserviceaccount.com","automaticUpdatePolicy":{}},"serviceConfig":{"service":"projects/devtouch-d161c/locations/us-central1/services/app","timeoutSeconds":60,"environmentVariables":{"FIREBASE_CONFIG":"{\"projectId\":\"devtouch-d161c\",\"storageBucket\":\"devtouch-d161c.appspot.com\"}","GCLOUD_PROJECT":"devtouch-d161c","EVENTARC_CLOUD_EVENT_SOURCE":"projects/devtouch-d161c/locations/us-central1/services/app","FUNCTION_TARGET":"app","LOG_EXECUTION_ID":"true","FUNCTION_SIGNATURE_TYPE":"http"},"ingressSettings":"ALLOW_ALL","uri":"https://app-vu74t5ibgq-uc.a.run.app","serviceAccountEmail":"445574714165-compute@developer.gserviceaccount.com","availableMemory":"256Mi","allTrafficOnLatestRevision":true,"revision":"app-00009-cup","maxInstanceRequestConcurrency":80,"availableCpu":"1"},"state":"ACTIVE","labels":{"deployment-tool":"cli-firebase","firebase-functions-hash":"c6b5d2578d5b2e0f9d87a47cd426781768cc800d"},"environment":"GEN_2","url":"https://us-central1-devtouch-d161c.cloudfunctions.net/app"},"stages":[{"name":"BUILD","state":"NOT_STARTED"},{"name":"SERVICE","state":"NOT_STARTED"}],"operationType":"UPDATE_FUNCTION"},"done":false}
[debug] [2024-09-23T23:13:31.291Z] [update-default-us-central1-app] Retrying task index 0
[debug] [2024-09-23T23:13:31.292Z] >>> [apiv2][query] GET https://cloudfunctions.googleapis.com/v2/projects/devtouch-d161c/locations/us-central1/operations/operation-1727133209608-622d189704160-8e0b250a-626122e5 [none]
[debug] [2024-09-23T23:13:31.596Z] <<< [apiv2][status] GET https://cloudfunctions.googleapis.com/v2/projects/devtouch-d161c/locations/us-central1/operations/operation-1727133209608-622d189704160-8e0b250a-626122e5 200
[debug] [2024-09-23T23:13:31.597Z] <<< [apiv2][body] GET https://cloudfunctions.googleapis.com/v2/projects/devtouch-d161c/locations/us-central1/operations/operation-1727133209608-622d189704160-8e0b250a-626122e5 {"name":"projects/devtouch-d161c/locations/us-central1/operations/operation-1727133209608-622d189704160-8e0b250a-626122e5","metadata":{"@type":"type.googleapis.com/google.cloud.functions.v2.OperationMetadata","createTime":"2024-09-23T23:13:30.400636419Z","target":"projects/devtouch-d161c/locations/us-central1/functions/app","verb":"update","cancelRequested":false,"apiVersion":"v2","requestResource":{"@type":"type.googleapis.com/google.cloud.functions.v2.Function","name":"projects/devtouch-d161c/locations/us-central1/functions/app","buildConfig":{"runtime":"nodejs18","entryPoint":"app","source":{"storageSource":{"bucket":"gcf-v2-sources-445574714165-us-central1","object":"app/function-source.zip","generation":"1727133210328747"}},"environmentVariables":{"GOOGLE_NODE_RUN_SCRIPTS":""},"dockerRepository":"projects/devtouch-d161c/locations/us-central1/repositories/gcf-artifacts","sourceProvenance":{"resolvedStorageSource":{"bucket":"gcf-v2-sources-445574714165-us-central1","object":"app/function-source.zip","generation":"1727131786396725"}},"dockerRegistry":"ARTIFACT_REGISTRY","serviceAccount":"projects/devtouch-d161c/serviceAccounts/445574714165-compute@developer.gserviceaccount.com","automaticUpdatePolicy":{}},"serviceConfig":{"service":"projects/devtouch-d161c/locations/us-central1/services/app","timeoutSeconds":60,"environmentVariables":{"FIREBASE_CONFIG":"{\"projectId\":\"devtouch-d161c\",\"storageBucket\":\"devtouch-d161c.appspot.com\"}","GCLOUD_PROJECT":"devtouch-d161c","EVENTARC_CLOUD_EVENT_SOURCE":"projects/devtouch-d161c/locations/us-central1/services/app","FUNCTION_TARGET":"app","LOG_EXECUTION_ID":"true","FUNCTION_SIGNATURE_TYPE":"http"},"ingressSettings":"ALLOW_ALL","uri":"https://app-vu74t5ibgq-uc.a.run.app","serviceAccountEmail":"445574714165-compute@developer.gserviceaccount.com","availableMemory":"256Mi","allTrafficOnLatestRevision":true,"revision":"app-00009-cup","maxInstanceRequestConcurrency":80,"availableCpu":"1"},"state":"ACTIVE","labels":{"deployment-tool":"cli-firebase","firebase-functions-hash":"c6b5d2578d5b2e0f9d87a47cd426781768cc800d"},"environment":"GEN_2","url":"https://us-central1-devtouch-d161c.cloudfunctions.net/app"},"stages":[{"name":"BUILD","message":"Build in progress","state":"IN_PROGRESS","resource":"projects/445574714165/locations/us-central1/builds/7a81fcdb-1094-4851-a087-ab9ce8d079cf","resourceUri":"https://console.cloud.google.com/cloud-build/builds;region=us-central1/7a81fcdb-1094-4851-a087-ab9ce8d079cf?project=445574714165"},{"name":"SERVICE","state":"NOT_STARTED"}],"operationType":"UPDATE_FUNCTION","buildName":"projects/445574714165/locations/us-central1/builds/7a81fcdb-1094-4851-a087-ab9ce8d079cf"},"done":false}
[debug] [2024-09-23T23:13:32.598Z] [update-default-us-central1-app] Retrying task index 0
[debug] [2024-09-23T23:13:32.600Z] >>> [apiv2][query] GET https://cloudfunctions.googleapis.com/v2/projects/devtouch-d161c/locations/us-central1/operations/operation-1727133209608-622d189704160-8e0b250a-626122e5 [none]
[debug] [2024-09-23T23:13:32.841Z] <<< [apiv2][status] GET https://cloudfunctions.googleapis.com/v2/projects/devtouch-d161c/locations/us-central1/operations/operation-1727133209608-622d189704160-8e0b250a-626122e5 200
[debug] [2024-09-23T23:13:32.841Z] <<< [apiv2][body] GET https://cloudfunctions.googleapis.com/v2/projects/devtouch-d161c/locations/us-central1/operations/operation-1727133209608-622d189704160-8e0b250a-626122e5 {"name":"projects/devtouch-d161c/locations/us-central1/operations/operation-1727133209608-622d189704160-8e0b250a-626122e5","metadata":{"@type":"type.googleapis.com/google.cloud.functions.v2.OperationMetadata","createTime":"2024-09-23T23:13:30.400636419Z","target":"projects/devtouch-d161c/locations/us-central1/functions/app","verb":"update","cancelRequested":false,"apiVersion":"v2","requestResource":{"@type":"type.googleapis.com/google.cloud.functions.v2.Function","name":"projects/devtouch-d161c/locations/us-central1/functions/app","buildConfig":{"runtime":"nodejs18","entryPoint":"app","source":{"storageSource":{"bucket":"gcf-v2-sources-445574714165-us-central1","object":"app/function-source.zip","generation":"1727133210328747"}},"environmentVariables":{"GOOGLE_NODE_RUN_SCRIPTS":""},"dockerRepository":"projects/devtouch-d161c/locations/us-central1/repositories/gcf-artifacts","sourceProvenance":{"resolvedStorageSource":{"bucket":"gcf-v2-sources-445574714165-us-central1","object":"app/function-source.zip","generation":"1727131786396725"}},"dockerRegistry":"ARTIFACT_REGISTRY","serviceAccount":"projects/devtouch-d161c/serviceAccounts/445574714165-compute@developer.gserviceaccount.com","automaticUpdatePolicy":{}},"serviceConfig":{"service":"projects/devtouch-d161c/locations/us-central1/services/app","timeoutSeconds":60,"environmentVariables":{"FIREBASE_CONFIG":"{\"projectId\":\"devtouch-d161c\",\"storageBucket\":\"devtouch-d161c.appspot.com\"}","GCLOUD_PROJECT":"devtouch-d161c","EVENTARC_CLOUD_EVENT_SOURCE":"projects/devtouch-d161c/locations/us-central1/services/app","FUNCTION_TARGET":"app","LOG_EXECUTION_ID":"true","FUNCTION_SIGNATURE_TYPE":"http"},"ingressSettings":"ALLOW_ALL","uri":"https://app-vu74t5ibgq-uc.a.run.app","serviceAccountEmail":"445574714165-compute@developer.gserviceaccount.com","availableMemory":"256Mi","allTrafficOnLatestRevision":true,"revision":"app-00009-cup","maxInstanceRequestConcurrency":80,"availableCpu":"1"},"state":"ACTIVE","labels":{"deployment-tool":"cli-firebase","firebase-functions-hash":"c6b5d2578d5b2e0f9d87a47cd426781768cc800d"},"environment":"GEN_2","url":"https://us-central1-devtouch-d161c.cloudfunctions.net/app"},"stages":[{"name":"BUILD","message":"Build in progress","state":"IN_PROGRESS","resource":"projects/445574714165/locations/us-central1/builds/7a81fcdb-1094-4851-a087-ab9ce8d079cf","resourceUri":"https://console.cloud.google.com/cloud-build/builds;region=us-central1/7a81fcdb-1094-4851-a087-ab9ce8d079cf?project=445574714165"},{"name":"SERVICE","state":"NOT_STARTED"}],"operationType":"UPDATE_FUNCTION","buildName":"projects/445574714165/locations/us-central1/builds/7a81fcdb-1094-4851-a087-ab9ce8d079cf"},"done":false}
[debug] [2024-09-23T23:13:34.843Z] [update-default-us-central1-app] Retrying task index 0
[debug] [2024-09-23T23:13:34.844Z] >>> [apiv2][query] GET https://cloudfunctions.googleapis.com/v2/projects/devtouch-d161c/locations/us-central1/operations/operation-1727133209608-622d189704160-8e0b250a-626122e5 [none]
[debug] [2024-09-23T23:13:35.175Z] <<< [apiv2][status] GET https://cloudfunctions.googleapis.com/v2/projects/devtouch-d161c/locations/us-central1/operations/operation-1727133209608-622d189704160-8e0b250a-626122e5 200
[debug] [2024-09-23T23:13:35.176Z] <<< [apiv2][body] GET https://cloudfunctions.googleapis.com/v2/projects/devtouch-d161c/locations/us-central1/operations/operation-1727133209608-622d189704160-8e0b250a-626122e5 {"name":"projects/devtouch-d161c/locations/us-central1/operations/operation-1727133209608-622d189704160-8e0b250a-626122e5","metadata":{"@type":"type.googleapis.com/google.cloud.functions.v2.OperationMetadata","createTime":"2024-09-23T23:13:30.400636419Z","target":"projects/devtouch-d161c/locations/us-central1/functions/app","verb":"update","cancelRequested":false,"apiVersion":"v2","requestResource":{"@type":"type.googleapis.com/google.cloud.functions.v2.Function","name":"projects/devtouch-d161c/locations/us-central1/functions/app","buildConfig":{"runtime":"nodejs18","entryPoint":"app","source":{"storageSource":{"bucket":"gcf-v2-sources-445574714165-us-central1","object":"app/function-source.zip","generation":"1727133210328747"}},"environmentVariables":{"GOOGLE_NODE_RUN_SCRIPTS":""},"dockerRepository":"projects/devtouch-d161c/locations/us-central1/repositories/gcf-artifacts","sourceProvenance":{"resolvedStorageSource":{"bucket":"gcf-v2-sources-445574714165-us-central1","object":"app/function-source.zip","generation":"1727131786396725"}},"dockerRegistry":"ARTIFACT_REGISTRY","serviceAccount":"projects/devtouch-d161c/serviceAccounts/445574714165-compute@developer.gserviceaccount.com","automaticUpdatePolicy":{}},"serviceConfig":{"service":"projects/devtouch-d161c/locations/us-central1/services/app","timeoutSeconds":60,"environmentVariables":{"FIREBASE_CONFIG":"{\"projectId\":\"devtouch-d161c\",\"storageBucket\":\"devtouch-d161c.appspot.com\"}","GCLOUD_PROJECT":"devtouch-d161c","EVENTARC_CLOUD_EVENT_SOURCE":"projects/devtouch-d161c/locations/us-central1/services/app","FUNCTION_TARGET":"app","LOG_EXECUTION_ID":"true","FUNCTION_SIGNATURE_TYPE":"http"},"ingressSettings":"ALLOW_ALL","uri":"https://app-vu74t5ibgq-uc.a.run.app","serviceAccountEmail":"445574714165-compute@developer.gserviceaccount.com","availableMemory":"256Mi","allTrafficOnLatestRevision":true,"revision":"app-00009-cup","maxInstanceRequestConcurrency":80,"availableCpu":"1"},"state":"ACTIVE","labels":{"deployment-tool":"cli-firebase","firebase-functions-hash":"c6b5d2578d5b2e0f9d87a47cd426781768cc800d"},"environment":"GEN_2","url":"https://us-central1-devtouch-d161c.cloudfunctions.net/app"},"stages":[{"name":"BUILD","message":"Build in progress","state":"IN_PROGRESS","resource":"projects/445574714165/locations/us-central1/builds/7a81fcdb-1094-4851-a087-ab9ce8d079cf","resourceUri":"https://console.cloud.google.com/cloud-build/builds;region=us-central1/7a81fcdb-1094-4851-a087-ab9ce8d079cf?project=445574714165"},{"name":"SERVICE","state":"NOT_STARTED"}],"operationType":"UPDATE_FUNCTION","buildName":"projects/445574714165/locations/us-central1/builds/7a81fcdb-1094-4851-a087-ab9ce8d079cf"},"done":false}
[debug] [2024-09-23T23:13:39.177Z] [update-default-us-central1-app] Retrying task index 0
[debug] [2024-09-23T23:13:39.178Z] >>> [apiv2][query] GET https://cloudfunctions.googleapis.com/v2/projects/devtouch-d161c/locations/us-central1/operations/operation-1727133209608-622d189704160-8e0b250a-626122e5 [none]
[debug] [2024-09-23T23:13:39.474Z] <<< [apiv2][status] GET https://cloudfunctions.googleapis.com/v2/projects/devtouch-d161c/locations/us-central1/operations/operation-1727133209608-622d189704160-8e0b250a-626122e5 200
[debug] [2024-09-23T23:13:39.474Z] <<< [apiv2][body] GET https://cloudfunctions.googleapis.com/v2/projects/devtouch-d161c/locations/us-central1/operations/operation-1727133209608-622d189704160-8e0b250a-626122e5 {"name":"projects/devtouch-d161c/locations/us-central1/operations/operation-1727133209608-622d189704160-8e0b250a-626122e5","metadata":{"@type":"type.googleapis.com/google.cloud.functions.v2.OperationMetadata","createTime":"2024-09-23T23:13:30.400636419Z","target":"projects/devtouch-d161c/locations/us-central1/functions/app","verb":"update","cancelRequested":false,"apiVersion":"v2","requestResource":{"@type":"type.googleapis.com/google.cloud.functions.v2.Function","name":"projects/devtouch-d161c/locations/us-central1/functions/app","buildConfig":{"runtime":"nodejs18","entryPoint":"app","source":{"storageSource":{"bucket":"gcf-v2-sources-445574714165-us-central1","object":"app/function-source.zip","generation":"1727133210328747"}},"environmentVariables":{"GOOGLE_NODE_RUN_SCRIPTS":""},"dockerRepository":"projects/devtouch-d161c/locations/us-central1/repositories/gcf-artifacts","sourceProvenance":{"resolvedStorageSource":{"bucket":"gcf-v2-sources-445574714165-us-central1","object":"app/function-source.zip","generation":"1727131786396725"}},"dockerRegistry":"ARTIFACT_REGISTRY","serviceAccount":"projects/devtouch-d161c/serviceAccounts/445574714165-compute@developer.gserviceaccount.com","automaticUpdatePolicy":{}},"serviceConfig":{"service":"projects/devtouch-d161c/locations/us-central1/services/app","timeoutSeconds":60,"environmentVariables":{"FIREBASE_CONFIG":"{\"projectId\":\"devtouch-d161c\",\"storageBucket\":\"devtouch-d161c.appspot.com\"}","GCLOUD_PROJECT":"devtouch-d161c","EVENTARC_CLOUD_EVENT_SOURCE":"projects/devtouch-d161c/locations/us-central1/services/app","FUNCTION_TARGET":"app","LOG_EXECUTION_ID":"true","FUNCTION_SIGNATURE_TYPE":"http"},"ingressSettings":"ALLOW_ALL","uri":"https://app-vu74t5ibgq-uc.a.run.app","serviceAccountEmail":"445574714165-compute@developer.gserviceaccount.com","availableMemory":"256Mi","allTrafficOnLatestRevision":true,"revision":"app-00009-cup","maxInstanceRequestConcurrency":80,"availableCpu":"1"},"state":"ACTIVE","labels":{"deployment-tool":"cli-firebase","firebase-functions-hash":"c6b5d2578d5b2e0f9d87a47cd426781768cc800d"},"environment":"GEN_2","url":"https://us-central1-devtouch-d161c.cloudfunctions.net/app"},"stages":[{"name":"BUILD","message":"Build in progress","state":"IN_PROGRESS","resource":"projects/445574714165/locations/us-central1/builds/7a81fcdb-1094-4851-a087-ab9ce8d079cf","resourceUri":"https://console.cloud.google.com/cloud-build/builds;region=us-central1/7a81fcdb-1094-4851-a087-ab9ce8d079cf?project=445574714165"},{"name":"SERVICE","state":"NOT_STARTED"}],"operationType":"UPDATE_FUNCTION","buildName":"projects/445574714165/locations/us-central1/builds/7a81fcdb-1094-4851-a087-ab9ce8d079cf"},"done":false}
